// Vitest Snapshot v1, https://vitest.dev/guide/snapshot.html

exports[`subpixel alignment > v1 refiner metrics snapshot (mismatch + speckle) 1`] = `
{
  "cornersRounded": {
    "maxPx": 5.6176,
    "perCornerPx": [
      5.6176,
      0.6322,
      0.6485,
      0.6001,
    ],
    "rmsePx": 2.8608,
  },
  "transferRounded": {
    "maxPx": 5.6176,
    "rmsePx": 1.7406,
  },
}
`;
