// Vitest Snapshot v1, https://vitest.dev/guide/snapshot.html

exports[`subpixel alignment > v1 refiner metrics snapshot (mismatch + speckle) 1`] = `
{
  "cornersRounded": {
    "maxPx": 2.7987,
    "perCornerPx": [
      0.2016,
      0.1768,
      2.7987,
      0.1953,
    ],
    "rmsePx": 1.4091,
  },
  "transferRounded": {
    "maxPx": 2.7987,
    "rmsePx": 0.8718,
  },
}
`;
